  Determining projects to restore...
  All projects are up-to-date for restore.
C:\Users\Admin\Desktop\PAYI\backend\Payi.Api\Features\Auth\Endpoints\AuthEndpoints.cs(158,44): error CS1061: 'IPasswordService' does not contain a definition for 'HashPassword' and no accessible extension method 'HashPassword' accepting a first argument of type 'IPasswordService' could be found (are you missing a using directive or an assembly reference?) [C:\Users\Admin\Desktop\PAYI\backend\Payi.Api\Payi.Api.csproj]
C:\Users\Admin\Desktop\PAYI\backend\Payi.Api\Features\Auth\Endpoints\AuthEndpoints.cs(177,46): error CS1061: 'IPasswordService' does not contain a definition for 'VerifyPassword' and no accessible extension method 'VerifyPassword' accepting a first argument of type 'IPasswordService' could be found (are you missing a using directive or an assembly reference?) [C:\Users\Admin\Desktop\PAYI\backend\Payi.Api\Payi.Api.csproj]
C:\Users\Admin\Desktop\PAYI\backend\Payi.Api\Features\Auth\Endpoints\AuthEndpoints.cs(182,45): warning CS8604: Possible null reference argument for parameter 'user' in 'string ITokenService.IssueToken(AppUser user)'. [C:\Users\Admin\Desktop\PAYI\backend\Payi.Api\Payi.Api.csproj]
C:\Users\Admin\Desktop\PAYI\backend\Payi.Api\Features\Auth\Endpoints\AuthEndpoints.cs(186,40): warning CS1998: This async method lacks 'await' operators and will run synchronously. Consider using the 'await' operator to await non-blocking API calls, or 'await Task.Run(...)' to do CPU-bound work on a background thread. [C:\Users\Admin\Desktop\PAYI\backend\Payi.Api\Payi.Api.csproj]

Build FAILED.

C:\Users\Admin\Desktop\PAYI\backend\Payi.Api\Features\Auth\Endpoints\AuthEndpoints.cs(182,45): warning CS8604: Possible null reference argument for parameter 'user' in 'string ITokenService.IssueToken(AppUser user)'. [C:\Users\Admin\Desktop\PAYI\backend\Payi.Api\Payi.Api.csproj]
C:\Users\Admin\Desktop\PAYI\backend\Payi.Api\Features\Auth\Endpoints\AuthEndpoints.cs(186,40): warning CS1998: This async method lacks 'await' operators and will run synchronously. Consider using the 'await' operator to await non-blocking API calls, or 'await Task.Run(...)' to do CPU-bound work on a background thread. [C:\Users\Admin\Desktop\PAYI\backend\Payi.Api\Payi.Api.csproj]
C:\Users\Admin\Desktop\PAYI\backend\Payi.Api\Features\Auth\Endpoints\AuthEndpoints.cs(158,44): error CS1061: 'IPasswordService' does not contain a definition for 'HashPassword' and no accessible extension method 'HashPassword' accepting a first argument of type 'IPasswordService' could be found (are you missing a using directive or an assembly reference?) [C:\Users\Admin\Desktop\PAYI\backend\Payi.Api\Payi.Api.csproj]
C:\Users\Admin\Desktop\PAYI\backend\Payi.Api\Features\Auth\Endpoints\AuthEndpoints.cs(177,46): error CS1061: 'IPasswordService' does not contain a definition for 'VerifyPassword' and no accessible extension method 'VerifyPassword' accepting a first argument of type 'IPasswordService' could be found (are you missing a using directive or an assembly reference?) [C:\Users\Admin\Desktop\PAYI\backend\Payi.Api\Payi.Api.csproj]
    2 Warning(s)
    2 Error(s)

Time Elapsed 00:00:05.45
